Flow report for Final
Mon May 04 17:43:34 2020
Quartus Prime Version 18.1.0 Build 625 09/12/2018 SJ Lite Edition


---------------------
; Table of Contents ;
---------------------
  1. Legal Notice
  2. Flow Summary
  3. Flow Settings
  4. Flow Non-Default Global Settings
  5. Flow Elapsed Time
  6. Flow OS Summary
  7. Flow Log
  8. Flow Messages
  9. Flow Suppressed Messages



----------------
; Legal Notice ;
----------------
Copyright (C) 2018  Intel Corporation. All rights reserved.
Your use of Intel Corporation's design tools, logic functions 
and other software and tools, and its AMPP partner logic 
functions, and any output files from any of the foregoing 
(including device programming or simulation files), and any 
associated documentation or information are expressly subject 
to the terms and conditions of the Intel Program License 
Subscription Agreement, the Intel Quartus Prime License Agreement,
the Intel FPGA IP License Agreement, or other applicable license
agreement, including, without limitation, that your use is for
the sole purpose of programming logic devices manufactured by
Intel and sold by Intel or its authorized distributors.  Please
refer to the applicable agreement for further details.



+----------------------------------------------------------------------------------+
; Flow Summary                                                                     ;
+------------------------------------+---------------------------------------------+
; Flow Status                        ; Successful - Mon May 04 17:43:33 2020       ;
; Quartus Prime Version              ; 18.1.0 Build 625 09/12/2018 SJ Lite Edition ;
; Revision Name                      ; Final                                       ;
; Top-level Entity Name              ; Land                                        ;
; Family                             ; Cyclone IV E                                ;
; Device                             ; EP4CE115F29C7                               ;
; Timing Models                      ; Final                                       ;
; Total logic elements               ; 19,039                                      ;
;     Total combinational functions  ; 19,039                                      ;
;     Dedicated logic registers      ; 0                                           ;
; Total registers                    ; 0                                           ;
; Total pins                         ; 1,381                                       ;
; Total virtual pins                 ; 0                                           ;
; Total memory bits                  ; 0                                           ;
; Embedded Multiplier 9-bit elements ; 0                                           ;
; Total PLLs                         ; 0                                           ;
+------------------------------------+---------------------------------------------+


+-----------------------------------------+
; Flow Settings                           ;
+-------------------+---------------------+
; Option            ; Setting             ;
+-------------------+---------------------+
; Start date & time ; 05/04/2020 17:42:11 ;
; Main task         ; Compilation         ;
; Revision Name     ; Final               ;
+-------------------+---------------------+


+-------------------------------------------------------------------------------------------------------------------------------------------------------+
; Flow Non-Default Global Settings                                                                                                                      ;
+--------------------------------------+-------------------------------------------------------------+---------------+-----------------+----------------+
; Assignment Name                      ; Value                                                       ; Default Value ; Entity Name     ; Section Id     ;
+--------------------------------------+-------------------------------------------------------------+---------------+-----------------+----------------+
; COMPILER_SIGNATURE_ID                ; 251682016762390.158863213120988                             ; --            ; --              ; --             ;
; EDA_DESIGN_INSTANCE_NAME             ; NA                                                          ; --            ; --              ; testbench      ;
; EDA_NATIVELINK_SIMULATION_TEST_BENCH ; testbench                                                   ; --            ; --              ; eda_simulation ;
; EDA_OUTPUT_DATA_FORMAT               ; Systemverilog Hdl                                           ; --            ; --              ; eda_simulation ;
; EDA_SIMULATION_TOOL                  ; ModelSim-Altera (SystemVerilog)                             ; <None>        ; --              ; --             ;
; EDA_TEST_BENCH_ENABLE_STATUS         ; TEST_BENCH_MODE                                             ; --            ; --              ; eda_simulation ;
; EDA_TEST_BENCH_FILE                  ; modules/testbench.sv                                        ; --            ; --              ; testbench      ;
; EDA_TEST_BENCH_MODULE_NAME           ; testbench                                                   ; --            ; --              ; testbench      ;
; EDA_TEST_BENCH_NAME                  ; testbench                                                   ; --            ; --              ; eda_simulation ;
; EDA_TEST_BENCH_RUN_SIM_FOR           ; 1000 ns                                                     ; --            ; --              ; testbench      ;
; EDA_TIME_SCALE                       ; 1 ps                                                        ; --            ; --              ; eda_simulation ;
; MAX_CORE_JUNCTION_TEMP               ; 85                                                          ; --            ; --              ; --             ;
; MIN_CORE_JUNCTION_TEMP               ; 0                                                           ; --            ; --              ; --             ;
; MISC_FILE                            ; final_soc/synthesis/../final_soc.cmp                        ; --            ; --              ; --             ;
; MISC_FILE                            ; final_soc/synthesis/../../final_soc.qsys                    ; --            ; --              ; --             ;
; MISC_FILE                            ; modules/vga_clk.ppf                                         ; --            ; --              ; --             ;
; NOMINAL_CORE_SUPPLY_VOLTAGE          ; 1.2V                                                        ; --            ; --              ; --             ;
; PARTITION_COLOR                      ; -- (Not supported for targeted family)                      ; --            ; DE2_115_Default ; Top            ;
; PARTITION_COLOR                      ; -- (Not supported for targeted family)                      ; --            ; Land            ; Top            ;
; PARTITION_COLOR                      ; -- (Not supported for targeted family)                      ; --            ; lab8            ; Top            ;
; PARTITION_FITTER_PRESERVATION_LEVEL  ; -- (Not supported for targeted family)                      ; --            ; DE2_115_Default ; Top            ;
; PARTITION_FITTER_PRESERVATION_LEVEL  ; -- (Not supported for targeted family)                      ; --            ; Land            ; Top            ;
; PARTITION_FITTER_PRESERVATION_LEVEL  ; -- (Not supported for targeted family)                      ; --            ; lab8            ; Top            ;
; PARTITION_NETLIST_TYPE               ; -- (Not supported for targeted family)                      ; --            ; DE2_115_Default ; Top            ;
; PARTITION_NETLIST_TYPE               ; -- (Not supported for targeted family)                      ; --            ; Land            ; Top            ;
; PARTITION_NETLIST_TYPE               ; -- (Not supported for targeted family)                      ; --            ; lab8            ; Top            ;
; POWER_BOARD_THERMAL_MODEL            ; None (CONSERVATIVE)                                         ; --            ; --              ; --             ;
; POWER_PRESET_COOLING_SOLUTION        ; 23 MM HEAT SINK WITH 200 LFPM AIRFLOW                       ; --            ; --              ; --             ;
; PROJECT_OUTPUT_DIRECTORY             ; output_files                                                ; --            ; --              ; --             ;
; SLD_FILE                             ; final_soc/synthesis/final_soc.regmap                        ; --            ; --              ; --             ;
; SLD_FILE                             ; final_soc/synthesis/final_soc.debuginfo                     ; --            ; --              ; --             ;
; SLD_INFO                             ; QSYS_NAME final_soc HAS_SOPCINFO 1 GENERATION_ID 1588406183 ; --            ; final_soc       ; --             ;
; SOPCINFO_FILE                        ; final_soc/synthesis/../../final_soc.sopcinfo                ; --            ; --              ; --             ;
; SYNTHESIS_ONLY_QIP                   ; On                                                          ; --            ; --              ; --             ;
; TOP_LEVEL_ENTITY                     ; Land                                                        ; Final         ; --              ; --             ;
+--------------------------------------+-------------------------------------------------------------+---------------+-----------------+----------------+


+--------------------------------------------------------------------------------------------------------------------------+
; Flow Elapsed Time                                                                                                        ;
+----------------------+--------------+-------------------------+---------------------+------------------------------------+
; Module Name          ; Elapsed Time ; Average Processors Used ; Peak Virtual Memory ; Total CPU Time (on all processors) ;
+----------------------+--------------+-------------------------+---------------------+------------------------------------+
; Analysis & Synthesis ; 00:01:21     ; 1.0                     ; 4884 MB             ; 00:01:31                           ;
; Total                ; 00:01:21     ; --                      ; --                  ; 00:01:31                           ;
+----------------------+--------------+-------------------------+---------------------+------------------------------------+


+------------------------------------------------------------------------------------+
; Flow OS Summary                                                                    ;
+----------------------+------------------+------------+------------+----------------+
; Module Name          ; Machine Hostname ; OS Name    ; OS Version ; Processor type ;
+----------------------+------------------+------------+------------+----------------+
; Analysis & Synthesis ; LAPTOP-6SF8F0HI  ; Windows 10 ; 10.0       ; x86_64         ;
+----------------------+------------------+------------+------------+----------------+


------------
; Flow Log ;
------------
quartus_map --read_settings_files=on --write_settings_files=off Finalproject -c Final



